 as5

 Timestamp is 64063677 (Mon Mar 06 12:52:39 2023)

 Preferred load address is 00400000

 Start         Length     Name                   Class
 0001:00000000 00001f98H .text                   CODE
 0002:00000000 00000121H .rdata                  DATA
 0002:00000121 00000000H .edata                  DATA
 0003:00000000 00000a5aH .data                   DATA
 0003:00000a5c 00000275H .bss                    DATA
 0004:00000000 00000014H .idata$2                DATA
 0004:00000014 00000014H .idata$3                DATA
 0004:00000028 0000007cH .idata$4                DATA
 0004:000000a4 0000007cH .idata$5                DATA
 0004:00000120 00000292H .idata$6                DATA

  Address         Publics by Value              Rva+Base     Lib:Object

 0001:00000010       _main@0                    00401010 f   as5.obj
 0001:00000108       _Clrscr@0                  00401108 f   irvine32:Irvine32.obj
 0001:000001cd       _Crlf@0                    004011cd f   irvine32:Irvine32.obj
 0001:000001e8       _Delay@0                   004011e8 f   irvine32:Irvine32.obj
 0001:000001f1       _DumpMem@0                 004011f1 f   irvine32:Irvine32.obj
 0001:000002c1       _DumpRegs@0                004012c1 f   irvine32:Irvine32.obj
 0001:00000493       _GetCommandtail@0          00401493 f   irvine32:Irvine32.obj
 0001:000004b7       _GetDateTime@4             004014b7 f   irvine32:Irvine32.obj
 0001:000004e9       _GetMaxXY@0                004014e9 f   irvine32:Irvine32.obj
 0001:0000051c       _GetMseconds@0             0040151c f   irvine32:Irvine32.obj
 0001:00000579       _Gotoxy@0                  00401579 f   irvine32:Irvine32.obj
 0001:000005af       _IsDigit@0                 004015af f   irvine32:Irvine32.obj
 0001:000005bc       _RandomRange@0             004015bc f   irvine32:Irvine32.obj
 0001:000005d1       _Random32@0                004015d1 f   irvine32:Irvine32.obj
 0001:000005ec       _Randomize@0               004015ec f   irvine32:Irvine32.obj
 0001:00000605       _ReadChar@0                00401605 f   irvine32:Irvine32.obj
 0001:00000665       _ReadDec@0                 00401665 f   irvine32:Irvine32.obj
 0001:000006d2       _ReadHex@0                 004016d2 f   irvine32:Irvine32.obj
 0001:0000074d       _ReadInt@0                 0040174d f   irvine32:Irvine32.obj
 0001:0000080f       _ReadString@0              0040180f f   irvine32:Irvine32.obj
 0001:000008bc       _SetTextColor@0            004018bc f   irvine32:Irvine32.obj
 0001:000008e1       _Str_compare@8             004018e1 f   irvine32:Irvine32.obj
 0001:0000090b       _Str_copy@8                0040190b f   irvine32:Irvine32.obj
 0001:0000092e       _Str_length@4              0040192e f   irvine32:Irvine32.obj
 0001:00000948       _Str_trim@8                00401948 f   irvine32:Irvine32.obj
 0001:00000975       _Str_ucase@4               00401975 f   irvine32:Irvine32.obj
 0001:00000997       _WaitMsg@0                 00401997 f   irvine32:Irvine32.obj
 0001:000009eb       _WriteBin@0                004019eb f   irvine32:Irvine32.obj
 0001:000009f8       _WriteBinB@0               004019f8 f   irvine32:Irvine32.obj
 0001:00000a4b       _WriteChar@0               00401a4b f   irvine32:Irvine32.obj
 0001:00000a7d       _WriteDec@0                00401a7d f   irvine32:Irvine32.obj
 0001:00000abe       _WriteHex@0                00401abe f   irvine32:Irvine32.obj
 0001:00000acb       _WriteHexB@0               00401acb f   irvine32:Irvine32.obj
 0001:00000b5d       _WriteInt@0                00401b5d f   irvine32:Irvine32.obj
 0001:00000bbe       _WriteString@0             00401bbe f   irvine32:Irvine32.obj
 0001:00000c4a       _ExitProcess@4             00401c4a f   kernel32:KERNEL32.dll
 0001:00000c50       _FlushConsoleInputBuffer@4 00401c50 f   kernel32:KERNEL32.dll
 0001:00000c56       _GetCommandLineA@0         00401c56 f   kernel32:KERNEL32.dll
 0001:00000c5c       _GetConsoleMode@8          00401c5c f   kernel32:KERNEL32.dll
 0001:00000c62       _GetConsoleScreenBufferInfo@8 00401c62 f   kernel32:KERNEL32.dll
 0001:00000c68       _GetLocalTime@4            00401c68 f   kernel32:KERNEL32.dll
 0001:00000c6e       _GetStdHandle@4            00401c6e f   kernel32:KERNEL32.dll
 0001:00000c74       _GetSystemTime@4           00401c74 f   kernel32:KERNEL32.dll
 0001:00000c7a       _ReadConsoleA@20           00401c7a f   kernel32:KERNEL32.dll
 0001:00000c80       _SetConsoleCursorPosition@8 00401c80 f   kernel32:KERNEL32.dll
 0001:00000c86       _SetConsoleMode@8          00401c86 f   kernel32:KERNEL32.dll
 0001:00000c8c       _SetConsoleTextAttribute@8 00401c8c f   kernel32:KERNEL32.dll
 0001:00000c92       _Sleep@4                   00401c92 f   kernel32:KERNEL32.dll
 0001:00000c98       _SystemTimeToFileTime@8    00401c98 f   kernel32:KERNEL32.dll
 0001:00000c9e       _WriteConsoleA@20          00401c9e f   kernel32:KERNEL32.dll
 0001:00000ca4       _WriteConsoleOutputCharacterA@20 00401ca4 f   kernel32:KERNEL32.dll
 0001:00000caa       _WriteConsoleOutputAttribute@20 00401caa f   kernel32:KERNEL32.dll
 0004:00000000       __IMPORT_DESCRIPTOR_KERNEL32 00405000     kernel32:KERNEL32.dll
 0004:00000014       __NULL_IMPORT_DESCRIPTOR   00405014     kernel32:KERNEL32.dll
 0004:000000a4       __imp__ExitProcess@4       004050a4     kernel32:KERNEL32.dll
 0004:000000a8       __imp__FlushConsoleInputBuffer@4 004050a8     kernel32:KERNEL32.dll
 0004:000000ac       __imp__GetCommandLineA@0   004050ac     kernel32:KERNEL32.dll
 0004:000000b0       __imp__GetConsoleMode@8    004050b0     kernel32:KERNEL32.dll
 0004:000000b4       __imp__GetConsoleScreenBufferInfo@8 004050b4     kernel32:KERNEL32.dll
 0004:000000b8       __imp__GetLocalTime@4      004050b8     kernel32:KERNEL32.dll
 0004:000000bc       __imp__GetStdHandle@4      004050bc     kernel32:KERNEL32.dll
 0004:000000c0       __imp__GetSystemTime@4     004050c0     kernel32:KERNEL32.dll
 0004:000000c4       __imp__ReadConsoleA@20     004050c4     kernel32:KERNEL32.dll
 0004:000000c8       __imp__SetConsoleCursorPosition@8 004050c8     kernel32:KERNEL32.dll
 0004:000000cc       __imp__SetConsoleMode@8    004050cc     kernel32:KERNEL32.dll
 0004:000000d0       __imp__SetConsoleTextAttribute@8 004050d0     kernel32:KERNEL32.dll
 0004:000000d4       __imp__Sleep@4             004050d4     kernel32:KERNEL32.dll
 0004:000000d8       __imp__SystemTimeToFileTime@8 004050d8     kernel32:KERNEL32.dll
 0004:000000dc       __imp__WriteConsoleA@20    004050dc     kernel32:KERNEL32.dll
 0004:000000e0       __imp__WriteConsoleOutputCharacterA@20 004050e0     kernel32:KERNEL32.dll
 0004:000000e4       __imp__WriteConsoleOutputAttribute@20 004050e4     kernel32:KERNEL32.dll
 0004:000000e8       \177KERNEL32_NULL_THUNK_DATA 004050e8     kernel32:KERNEL32.dll

 entry point at        0001:00000010

