 prog4

 Timestamp is 63e14f74 (Mon Feb 06 13:05:24 2023)

 Preferred load address is 00400000

 Start         Length     Name                   Class
 0001:00000000 00001eddH .text                   CODE
 0002:00000000 00000121H .rdata                  DATA
 0002:00000121 00000000H .edata                  DATA
 0003:00000000 00000a06H .data                   DATA
 0003:00000a08 00000275H .bss                    DATA
 0004:00000000 00000014H .idata$2                DATA
 0004:00000014 00000014H .idata$3                DATA
 0004:00000028 0000007cH .idata$4                DATA
 0004:000000a4 0000007cH .idata$5                DATA
 0004:00000120 00000292H .idata$6                DATA

  Address         Publics by Value              Rva+Base     Lib:Object

 0001:00000010       _main@0                    00401010 f   prog4.obj
 0001:0000004c       _Clrscr@0                  0040104c f   irvine32:Irvine32.obj
 0001:00000111       _Crlf@0                    00401111 f   irvine32:Irvine32.obj
 0001:0000012c       _Delay@0                   0040112c f   irvine32:Irvine32.obj
 0001:00000135       _DumpMem@0                 00401135 f   irvine32:Irvine32.obj
 0001:00000205       _DumpRegs@0                00401205 f   irvine32:Irvine32.obj
 0001:000003d7       _GetCommandtail@0          004013d7 f   irvine32:Irvine32.obj
 0001:000003fb       _GetDateTime@4             004013fb f   irvine32:Irvine32.obj
 0001:0000042d       _GetMaxXY@0                0040142d f   irvine32:Irvine32.obj
 0001:00000460       _GetMseconds@0             00401460 f   irvine32:Irvine32.obj
 0001:000004bd       _Gotoxy@0                  004014bd f   irvine32:Irvine32.obj
 0001:000004f3       _IsDigit@0                 004014f3 f   irvine32:Irvine32.obj
 0001:00000500       _RandomRange@0             00401500 f   irvine32:Irvine32.obj
 0001:00000515       _Random32@0                00401515 f   irvine32:Irvine32.obj
 0001:00000530       _Randomize@0               00401530 f   irvine32:Irvine32.obj
 0001:00000549       _ReadChar@0                00401549 f   irvine32:Irvine32.obj
 0001:000005a9       _ReadDec@0                 004015a9 f   irvine32:Irvine32.obj
 0001:00000616       _ReadHex@0                 00401616 f   irvine32:Irvine32.obj
 0001:00000691       _ReadInt@0                 00401691 f   irvine32:Irvine32.obj
 0001:00000753       _ReadString@0              00401753 f   irvine32:Irvine32.obj
 0001:00000800       _SetTextColor@0            00401800 f   irvine32:Irvine32.obj
 0001:00000825       _Str_compare@8             00401825 f   irvine32:Irvine32.obj
 0001:0000084f       _Str_copy@8                0040184f f   irvine32:Irvine32.obj
 0001:00000872       _Str_length@4              00401872 f   irvine32:Irvine32.obj
 0001:0000088c       _Str_trim@8                0040188c f   irvine32:Irvine32.obj
 0001:000008b9       _Str_ucase@4               004018b9 f   irvine32:Irvine32.obj
 0001:000008db       _WaitMsg@0                 004018db f   irvine32:Irvine32.obj
 0001:0000092f       _WriteBin@0                0040192f f   irvine32:Irvine32.obj
 0001:0000093c       _WriteBinB@0               0040193c f   irvine32:Irvine32.obj
 0001:0000098f       _WriteChar@0               0040198f f   irvine32:Irvine32.obj
 0001:000009c1       _WriteDec@0                004019c1 f   irvine32:Irvine32.obj
 0001:00000a02       _WriteHex@0                00401a02 f   irvine32:Irvine32.obj
 0001:00000a0f       _WriteHexB@0               00401a0f f   irvine32:Irvine32.obj
 0001:00000aa1       _WriteInt@0                00401aa1 f   irvine32:Irvine32.obj
 0001:00000b02       _WriteString@0             00401b02 f   irvine32:Irvine32.obj
 0001:00000b8e       _ExitProcess@4             00401b8e f   kernel32:KERNEL32.dll
 0001:00000b94       _FlushConsoleInputBuffer@4 00401b94 f   kernel32:KERNEL32.dll
 0001:00000b9a       _GetCommandLineA@0         00401b9a f   kernel32:KERNEL32.dll
 0001:00000ba0       _GetConsoleMode@8          00401ba0 f   kernel32:KERNEL32.dll
 0001:00000ba6       _GetConsoleScreenBufferInfo@8 00401ba6 f   kernel32:KERNEL32.dll
 0001:00000bac       _GetLocalTime@4            00401bac f   kernel32:KERNEL32.dll
 0001:00000bb2       _GetStdHandle@4            00401bb2 f   kernel32:KERNEL32.dll
 0001:00000bb8       _GetSystemTime@4           00401bb8 f   kernel32:KERNEL32.dll
 0001:00000bbe       _ReadConsoleA@20           00401bbe f   kernel32:KERNEL32.dll
 0001:00000bc4       _SetConsoleCursorPosition@8 00401bc4 f   kernel32:KERNEL32.dll
 0001:00000bca       _SetConsoleMode@8          00401bca f   kernel32:KERNEL32.dll
 0001:00000bd0       _SetConsoleTextAttribute@8 00401bd0 f   kernel32:KERNEL32.dll
 0001:00000bd6       _Sleep@4                   00401bd6 f   kernel32:KERNEL32.dll
 0001:00000bdc       _SystemTimeToFileTime@8    00401bdc f   kernel32:KERNEL32.dll
 0001:00000be2       _WriteConsoleA@20          00401be2 f   kernel32:KERNEL32.dll
 0001:00000be8       _WriteConsoleOutputCharacterA@20 00401be8 f   kernel32:KERNEL32.dll
 0001:00000bee       _WriteConsoleOutputAttribute@20 00401bee f   kernel32:KERNEL32.dll
 0004:00000000       __IMPORT_DESCRIPTOR_KERNEL32 00405000     kernel32:KERNEL32.dll
 0004:00000014       __NULL_IMPORT_DESCRIPTOR   00405014     kernel32:KERNEL32.dll
 0004:000000a4       __imp__ExitProcess@4       004050a4     kernel32:KERNEL32.dll
 0004:000000a8       __imp__FlushConsoleInputBuffer@4 004050a8     kernel32:KERNEL32.dll
 0004:000000ac       __imp__GetCommandLineA@0   004050ac     kernel32:KERNEL32.dll
 0004:000000b0       __imp__GetConsoleMode@8    004050b0     kernel32:KERNEL32.dll
 0004:000000b4       __imp__GetConsoleScreenBufferInfo@8 004050b4     kernel32:KERNEL32.dll
 0004:000000b8       __imp__GetLocalTime@4      004050b8     kernel32:KERNEL32.dll
 0004:000000bc       __imp__GetStdHandle@4      004050bc     kernel32:KERNEL32.dll
 0004:000000c0       __imp__GetSystemTime@4     004050c0     kernel32:KERNEL32.dll
 0004:000000c4       __imp__ReadConsoleA@20     004050c4     kernel32:KERNEL32.dll
 0004:000000c8       __imp__SetConsoleCursorPosition@8 004050c8     kernel32:KERNEL32.dll
 0004:000000cc       __imp__SetConsoleMode@8    004050cc     kernel32:KERNEL32.dll
 0004:000000d0       __imp__SetConsoleTextAttribute@8 004050d0     kernel32:KERNEL32.dll
 0004:000000d4       __imp__Sleep@4             004050d4     kernel32:KERNEL32.dll
 0004:000000d8       __imp__SystemTimeToFileTime@8 004050d8     kernel32:KERNEL32.dll
 0004:000000dc       __imp__WriteConsoleA@20    004050dc     kernel32:KERNEL32.dll
 0004:000000e0       __imp__WriteConsoleOutputCharacterA@20 004050e0     kernel32:KERNEL32.dll
 0004:000000e4       __imp__WriteConsoleOutputAttribute@20 004050e4     kernel32:KERNEL32.dll
 0004:000000e8       \177KERNEL32_NULL_THUNK_DATA 004050e8     kernel32:KERNEL32.dll

 entry point at        0001:00000010

